%!Adobe-FontList 1.23
%Locale:0x409

%BeginFont
Handler:DirectoryHandler
FontType:Invalid
OutlineFileName:/Users/riverschenck/Downloads/VOITH SINGLE/Document fonts/AdobeFnt23.lst
FileLength:1721
FileModTime:718903762
%EndFont

%BeginFont
Handler:DirectoryHandler
FontType:Type1
FontName:HelveticaNeueLTPro-Lt
FamilyName:Helvetica Neue LT Pro
StyleName:45 Light
MenuName:HelveticaNeueLT Pro 45 Lt
StyleBits:0
WeightClass:300
WidthClass:5
AngleClass:0
FullName:Helvetica Neue LT Pro 45 Light
WritingScript:Roman
OutlineFileName:/Users/riverschenck/Downloads/VOITH SINGLE/Document fonts/HelveticaNeueLTPro-Lt.otf
DataFormat:sfntData
UsesStandardEncoding:yes
isCFF:yes
hasSVG:no
hasCOLR:no
VariableFontType:NonVariableFont
FileLength:47684
FileModTime:229602882
NameArray:0,Mac,18,HelveticaNeueLT Pro 45 Lt
NameArray:0,Mac,4,Helvetica Neue LT Pro 45 Light
NameArray:0,Win,1,HelveticaNeueLT Pro 45 Lt
NameArray:0,Win,16,Helvetica Neue LT Pro
%EndFont

%BeginFont
Handler:DirectoryHandler
FontType:Type1
FontName:HelveticaNeueLTPro-Md
FamilyName:Helvetica Neue LT Pro
StyleName:65 Medium
MenuName:HelveticaNeueLT Pro 65 Md
StyleBits:0
WeightClass:500
WidthClass:5
AngleClass:0
FullName:Helvetica Neue LT Pro 65 Medium
WritingScript:Roman
OutlineFileName:/Users/riverschenck/Downloads/VOITH SINGLE/Document fonts/HelveticaNeueLTPro-Md.otf
DataFormat:sfntData
UsesStandardEncoding:yes
isCFF:yes
hasSVG:no
hasCOLR:no
VariableFontType:NonVariableFont
FileLength:48716
FileModTime:229602882
NameArray:0,Mac,18,HelveticaNeueLT Pro 65 Md
NameArray:0,Mac,4,Helvetica Neue LT Pro 65 Medium
NameArray:0,Win,1,HelveticaNeueLT Pro 65 Md
NameArray:0,Win,16,Helvetica Neue LT Pro
%EndFont

