%!Adobe-FontList 1.23
%Locale:0x409

%BeginFont
Handler:DirectoryHandler
FontType:Type1
FontName:LocatorDisplay-Black
FamilyName:Locator Display
StyleName:Black
FullName:Locator Display Black
MenuName:Locator Display Black
StyleBits:0
WritingScript:Roman
OutlineFileName:C:\frontify-publisher\data-enterprise\temp\ffe05f9b577b6c77465d6f1caed5441c-632ac73e662b8102611444\source\Document fonts\LocatorDisplay-Black.otf
DataFormat:sfntData
UsesStandardEncoding:yes
isCFF:yes
hasSVG:no
VariableFontType:NonVariableFont
FileLength:33304
FileModTime:1662723716
WeightClass:900
WidthClass:5
AngleClass:0
NameArray:0,Mac,4,Locator Display Black
NameArray:0,Win,1,Locator Display Black
NameArray:0,Win,16,Locator Display
%EndFont

%BeginFont
Handler:DirectoryHandler
FontType:Type1
FontName:LocatorDisplay-Light
FamilyName:Locator Display
StyleName:Light
FullName:Locator Display Light
MenuName:Locator Display Light
StyleBits:0
WritingScript:Roman
OutlineFileName:C:\frontify-publisher\data-enterprise\temp\ffe05f9b577b6c77465d6f1caed5441c-632ac73e662b8102611444\source\Document fonts\LocatorDisplay-Light.otf
DataFormat:sfntData
UsesStandardEncoding:yes
isCFF:yes
hasSVG:no
VariableFontType:NonVariableFont
FileLength:32964
FileModTime:1662723718
WeightClass:300
WidthClass:5
AngleClass:0
NameArray:0,Mac,4,Locator Display Light
NameArray:0,Win,1,Locator Display Light
NameArray:0,Win,16,Locator Display
%EndFont

