%!Adobe-FontList 1.25
%Locale:0x409

%BeginFont
Handler:DirectoryHandler
FontType:Invalid
OutlineFileName:/Users/river.schenck/Documents/Code/Scripts/Test-1gmjpg/Plugin_testing/unit/masterpage_check/fail_data/Master Page/Document fonts/AdobeFnt23.lst
FileLength:1977
FileModTime:717529593
%EndFont

%BeginFont
Handler:DirectoryHandler
FontType:Invalid
OutlineFileName:/Users/river.schenck/Documents/Code/Scripts/Test-1gmjpg/Plugin_testing/unit/masterpage_check/fail_data/Master Page/Document fonts/AdobeFnt24.lst
FileLength:2648
FileModTime:760455721
%EndFont

%BeginFont
Handler:DirectoryHandler
FontType:Invalid
OutlineFileName:/Users/river.schenck/Documents/Code/Scripts/Test-1gmjpg/Plugin_testing/unit/masterpage_check/fail_data/Master Page/Document fonts/AdobeFnt25.lst
FileLength:2690
FileModTime:800994870
%EndFont

%BeginFont
Handler:DirectoryHandler
FontType:TrueType
FontName:FuturaEF-DemiBold
FamilyName:FuturaEF DemiBold
StyleName:Regular
MenuName:FuturaEF DemiBold
StyleBits:2
WeightClass:700
WidthClass:5
AngleClass:0
FullName:FuturaEF-DemiBold
WritingScript:Roman
OutlineFileName:/Users/river.schenck/Documents/Code/Scripts/Test-1gmjpg/Plugin_testing/unit/masterpage_check/fail_data/Master Page/Document fonts/FuturaEF-DemiBold.ttf
DataFormat:sfntData
hasSVG:no
hasSBIX:no
hasCOLR:no
VariableFontType:NonVariableFont
FileLength:23604
FileModTime:663085356
NameArray:0,Mac,4,FuturaEF-DemiBold
NameArray:0,Win,1,FuturaEF DemiBold
%EndFont

%BeginFont
Handler:DirectoryHandler
FontType:TrueType
FontName:FuturaEF-Medium
FamilyName:FuturaEF
StyleName:Medium
MenuName:FuturaEF
StyleBits:0
WeightClass:500
WidthClass:5
AngleClass:0
FullName:FuturaEF-Medium
WritingScript:Roman
OutlineFileName:/Users/river.schenck/Documents/Code/Scripts/Test-1gmjpg/Plugin_testing/unit/masterpage_check/fail_data/Master Page/Document fonts/FuturaEF-Medium.ttf
DataFormat:sfntData
hasSVG:no
hasSBIX:no
hasCOLR:no
VariableFontType:NonVariableFont
FileLength:24504
FileModTime:663085355
NameArray:0,Mac,4,FuturaEF-Medium
NameArray:0,Win,1,FuturaEF
%EndFont

%BeginFont
Handler:DirectoryHandler
FontType:Type1
FontName:MinionPro-Regular
FamilyName:Minion Pro
StyleName:Regular
MenuName:Minion Pro
StyleBits:0
WeightClass:400
WidthClass:5
AngleClass:0
FullName:Minion Pro
WritingScript:Roman
OutlineFileName:/Users/river.schenck/Documents/Code/Scripts/Test-1gmjpg/Plugin_testing/unit/masterpage_check/fail_data/Master Page/Document fonts/MinionPro-Regular.otf
DataFormat:sfntData
UsesStandardEncoding:yes
isCFF:yes
hasSVG:no
hasSBIX:no
hasCOLR:no
VariableFontType:NonVariableFont
FileLength:218640
FileModTime:712686018
DesignSize:110
NameArray:0,Mac,4,Minion Pro
NameArray:0,Win,1,Minion Pro
%EndFont

