%!Adobe-FontList 1.24
%Locale:0x409

%BeginFont
Handler:DirectoryHandler
FontType:Invalid
OutlineFileName:/Users/river.schenck/Library/Application Support/Adobe/UXP/PluginsStorage/IDSN/20/Developer/Test-81aexs/PluginData/unit/masterpage_check/pass_data/Employer Brand_Pullup Banner_Design 1/Document fonts/AdobeFnt23.lst
FileLength:1708
FileModTime:717327163
%EndFont

%BeginFont
Handler:DirectoryHandler
FontType:Invalid
OutlineFileName:/Users/river.schenck/Library/Application Support/Adobe/UXP/PluginsStorage/IDSN/20/Developer/Test-81aexs/PluginData/unit/masterpage_check/pass_data/Employer Brand_Pullup Banner_Design 1/Document fonts/AdobeFnt24.lst
FileLength:2065
FileModTime:760288438
%EndFont

%BeginFont
Handler:DirectoryHandler
FontType:TrueType
FontName:FuturaEF-DemiBold
FamilyName:FuturaEF DemiBold
StyleName:Regular
MenuName:FuturaEF DemiBold
StyleBits:2
WeightClass:700
WidthClass:5
AngleClass:0
FullName:FuturaEF-DemiBold
WritingScript:Roman
OutlineFileName:/Users/river.schenck/Library/Application Support/Adobe/UXP/PluginsStorage/IDSN/20/Developer/Test-81aexs/PluginData/unit/masterpage_check/pass_data/Employer Brand_Pullup Banner_Design 1/Document fonts/FuturaEF-DemiBold.ttf
DataFormat:sfntData
hasSVG:no
hasSBIX:no
hasCOLR:no
VariableFontType:NonVariableFont
FileLength:23604
FileModTime:663085356
NameArray:0,Mac,4,FuturaEF-DemiBold
NameArray:0,Win,1,FuturaEF DemiBold
%EndFont

%BeginFont
Handler:DirectoryHandler
FontType:TrueType
FontName:FuturaEF-Medium
FamilyName:FuturaEF
StyleName:Medium
MenuName:FuturaEF
StyleBits:0
WeightClass:500
WidthClass:5
AngleClass:0
FullName:FuturaEF-Medium
WritingScript:Roman
OutlineFileName:/Users/river.schenck/Library/Application Support/Adobe/UXP/PluginsStorage/IDSN/20/Developer/Test-81aexs/PluginData/unit/masterpage_check/pass_data/Employer Brand_Pullup Banner_Design 1/Document fonts/FuturaEF-Medium.ttf
DataFormat:sfntData
hasSVG:no
hasSBIX:no
hasCOLR:no
VariableFontType:NonVariableFont
FileLength:24504
FileModTime:663085355
NameArray:0,Mac,4,FuturaEF-Medium
NameArray:0,Win,1,FuturaEF
%EndFont

