%!Adobe-FontList 1.24
%Locale:0x409

%BeginFont
Handler:DirectoryHandler
FontType:Invalid
OutlineFileName:/Users/river.schenck/Documents/Code/Scripts/Test-1gmjpg/Plugin_testing/unit/overrides_check/fail_data/with overrides/Document fonts/AdobeFnt23.lst
FileLength:2341
FileModTime:719863845
%EndFont

%BeginFont
Handler:DirectoryHandler
FontType:Invalid
OutlineFileName:/Users/river.schenck/Documents/Code/Scripts/Test-1gmjpg/Plugin_testing/unit/overrides_check/fail_data/with overrides/Document fonts/AdobeFnt24.lst
FileLength:3273
FileModTime:762288236
%EndFont

%BeginFont
Handler:DirectoryHandler
FontType:Invalid
OutlineFileName:/Users/river.schenck/Documents/Code/Scripts/Test-1gmjpg/Plugin_testing/unit/overrides_check/fail_data/with overrides/Document fonts/AdobeFnt25.lst
FileLength:3273
FileModTime:805140664
%EndFont

%BeginFont
Handler:DirectoryHandler
FontType:TrueType
FontName:BlairITCTTBold
FamilyName:BlairITC TT
StyleName:Bold
MenuName:BlairITC TT
StyleBits:2
WeightClass:700
WidthClass:5
AngleClass:0
FullName:BlairITC TT Bold
WritingScript:Roman
OutlineFileName:/Users/river.schenck/Documents/Code/Scripts/Test-1gmjpg/Plugin_testing/unit/overrides_check/fail_data/with overrides/Document fonts/BlairITCTTBold.ttf
DataFormat:sfntData
hasSVG:no
hasSBIX:no
hasCOLR:no
VariableFontType:NonVariableFont
FileLength:54792
FileModTime:704967960
NameArray:0,Mac,4,BlairITC TT Bold
NameArray:0,Win,1,BlairITC TT
%EndFont

%BeginFont
Handler:DirectoryHandler
FontType:TrueType
FontName:BlairMdITCTT-Medium
FamilyName:BlairMdITC TT
StyleName:Medium
MenuName:BlairMdITC TT
StyleBits:0
WeightClass:500
WidthClass:5
AngleClass:0
FullName:BlairMdITC TT Medium
WritingScript:Roman
OutlineFileName:/Users/river.schenck/Documents/Code/Scripts/Test-1gmjpg/Plugin_testing/unit/overrides_check/fail_data/with overrides/Document fonts/BlairMdITCTT-Medium.ttf
DataFormat:sfntData
hasSVG:no
hasSBIX:no
hasCOLR:no
VariableFontType:NonVariableFont
FileLength:144024
FileModTime:704967960
NameArray:0,Mac,4,BlairMdITC TT Medium
%EndFont

%BeginFont
Handler:DirectoryHandler
FontType:TrueType
FontName:StayDreaming
FamilyName:Stay Dreaming
StyleName:Regular
MenuName:Stay Dreaming
StyleBits:0
WeightClass:400
WidthClass:5
AngleClass:0
FullName:Stay Dreaming
WritingScript:Roman
OutlineFileName:/Users/river.schenck/Documents/Code/Scripts/Test-1gmjpg/Plugin_testing/unit/overrides_check/fail_data/with overrides/Document fonts/StayDreaming.ttf
DataFormat:sfntData
hasSVG:no
hasSBIX:no
hasCOLR:no
VariableFontType:NonVariableFont
FileLength:956192
FileModTime:704967958
NameArray:0,Mac,4,Stay Dreaming
NameArray:0,Win,1,Stay Dreaming
%EndFont

%BeginFont
Handler:DirectoryHandler
FontType:Type1
FontName:SwiftSCEF-Regular
FamilyName:SwiftSCEF
StyleName:Regular
MenuName:SwiftSCEF
StyleBits:0
WeightClass:500
WidthClass:5
AngleClass:0
FullName:SwiftSCEF-Regular
WritingScript:Roman
OutlineFileName:/Users/river.schenck/Documents/Code/Scripts/Test-1gmjpg/Plugin_testing/unit/overrides_check/fail_data/with overrides/Document fonts/SwiftSCEF-Regular.otf
DataFormat:sfntData
UsesStandardEncoding:yes
isCFF:yes
hasSVG:no
hasSBIX:no
hasCOLR:no
VariableFontType:NonVariableFont
FileLength:30664
FileModTime:704967964
NameArray:0,Mac,4,SwiftSCEF-Regular
NameArray:0,Win,1,SwiftSCEF
%EndFont

