%!Adobe-FontList 1.24
%Locale:0x409

%BeginFont
Handler:DirectoryHandler
FontType:Invalid
OutlineFileName:/Users/river.schenck/Documents/Code/Scripts/Test-1gmjpg/Plugin_testing/unit/hyphenation_check/fail_data/Hyph style inheritance/Document fonts/AdobeFnt23.lst
FileLength:939
FileModTime:719862241
%EndFont

%BeginFont
Handler:DirectoryHandler
FontType:Invalid
OutlineFileName:/Users/river.schenck/Documents/Code/Scripts/Test-1gmjpg/Plugin_testing/unit/hyphenation_check/fail_data/Hyph style inheritance/Document fonts/AdobeFnt24.lst
FileLength:1504
FileModTime:760037941
%EndFont

%BeginFont
Handler:DirectoryHandler
FontType:Invalid
OutlineFileName:/Users/river.schenck/Documents/Code/Scripts/Test-1gmjpg/Plugin_testing/unit/hyphenation_check/fail_data/Hyph style inheritance/Document fonts/AdobeFnt25.lst
FileLength:1646
FileModTime:805140626
%EndFont

%BeginFont
Handler:DirectoryHandler
FontType:Type1
FontName:AvenirNextLTPro-Regular
FamilyName:Avenir Next LT Pro
StyleName:Regular
MenuName:AvenirNext LT Pro Regular
StyleBits:0
WeightClass:400
WidthClass:5
AngleClass:0
FullName:Avenir Next LT Pro
WritingScript:Roman
OutlineFileName:/Users/river.schenck/Documents/Code/Scripts/Test-1gmjpg/Plugin_testing/unit/hyphenation_check/fail_data/Hyph style inheritance/Document fonts/AvenirNextLTPro-Regular.otf
DataFormat:sfntData
UsesStandardEncoding:yes
isCFF:yes
hasSVG:no
hasSBIX:no
hasCOLR:no
VariableFontType:NonVariableFont
FileLength:65056
FileModTime:644531382
NameArray:0,Mac,18,AvenirNext LT Pro Regular
NameArray:0,Mac,4,Avenir Next LT Pro
NameArray:0,Win,1,AvenirNext LT Pro Regular
NameArray:0,Win,16,Avenir Next LT Pro
%EndFont

