%!Adobe-FontList 1.23
%Locale:0x409

%BeginFont
Handler:DirectoryHandler
FontType:Invalid
OutlineFileName:/Users/riverschenck/Downloads/Test/Document fonts/AdobeFnt23.lst
FileLength:1173
FileModTime:721237183
%EndFont

%BeginFont
Handler:DirectoryHandler
FontType:TrueType
FontName:BarlowCondensed-ExtraBold
FamilyName:Barlow Condensed
StyleName:ExtraBold
MenuName:Barlow Condensed ExtraBold
StyleBits:0
WeightClass:800
WidthClass:3
AngleClass:0
FullName:Barlow Condensed ExtraBold
WritingScript:Roman
OutlineFileName:/Users/riverschenck/Downloads/Test/Document fonts/BarlowCondensed-ExtraBold.ttf
DataFormat:sfntData
hasSVG:no
hasCOLR:no
VariableFontType:NonVariableFont
FileLength:104812
FileModTime:685488430
NameArray:0,Win,1,Barlow Condensed ExtraBold
NameArray:0,Win,16,Barlow Condensed
%EndFont

%BeginFont
Handler:DirectoryHandler
FontType:Type1
FontName:MinionPro-Regular
FamilyName:Minion Pro
StyleName:Regular
MenuName:Minion Pro
StyleBits:0
WeightClass:400
WidthClass:5
AngleClass:0
FullName:Minion Pro
WritingScript:Roman
OutlineFileName:/Users/riverschenck/Downloads/Test/Document fonts/MinionPro-Regular.otf
DataFormat:sfntData
UsesStandardEncoding:yes
isCFF:yes
hasSVG:no
hasCOLR:no
VariableFontType:NonVariableFont
FileLength:218640
FileModTime:718728304
DesignSize:110
NameArray:0,Mac,4,Minion Pro
NameArray:0,Win,1,Minion Pro
%EndFont

