%!Adobe-FontList 1.23
%Locale:0x409

%BeginFont
Handler:DirectoryHandler
FontType:Invalid
OutlineFileName:/Volumes/LEONISA migue/1.FAIRTIQ/PROJECTS/CAMPAIGNS/STANDAR_CAMPAIGN/3.TEMPLATES/2.DELIVERABLES/1.DOWNLOAD_ADS/SLOGAN 1/OFFLINE MATERIAL/Carpeta TEMPLATE_1SLOGAN_OFFLINE_380260MM/Document fonts/AdobeFnt23.lst
FileLength:675
FileModTime:718720480
%EndFont

%BeginFont
Handler:DirectoryHandler
FontType:TrueType
FontName:Poppins-Medium
FamilyName:Poppins
StyleName:Medium
MenuName:Poppins Medium
StyleBits:0
WeightClass:500
WidthClass:5
AngleClass:0
FullName:Poppins Medium
WritingScript:Roman
OutlineFileName:/Volumes/LEONISA migue/1.FAIRTIQ/PROJECTS/CAMPAIGNS/STANDAR_CAMPAIGN/3.TEMPLATES/2.DELIVERABLES/1.DOWNLOAD_ADS/SLOGAN 1/OFFLINE MATERIAL/Carpeta TEMPLATE_1SLOGAN_OFFLINE_380260MM/Document fonts/Poppins-Medium.ttf
DataFormat:sfntData
hasSVG:no
VariableFontType:NonVariableFont
FileLength:156520
FileModTime:685517230
NameArray:0,Win,1,Poppins Medium
NameArray:0,Win,16,Poppins
%EndFont

